14:09:33 **** Incremental Build of configuration Debug for project study ****
make -j4 all 
arm-none-eabi-gcc "../Drivers/STM32F1xx_HAL_Driver/Src/stm32f1xx_hal_gpio.c" -mcpu=cortex-m3 -std=gnu11 -g3 -DDEBUG -DUSE_HAL_DRIVER -DSTM32F103xB -c -I../Core/Inc -I../Drivers/STM32F1xx_HAL_Driver/Inc/Legacy -I../Drivers/STM32F1xx_HAL_Driver/Inc -I../Drivers/CMSIS/Device/ST/STM32F1xx/Include -I../Drivers/CMSIS/Include -O0 -ffunction-sections -fdata-sections -Wall -fstack-usage -MMD -MP -MF"Drivers/STM32F1xx_HAL_Driver/Src/stm32f1xx_hal_gpio.d" -MT"Drivers/STM32F1xx_HAL_Driver/Src/stm32f1xx_hal_gpio.o" --specs=nano.specs -mfloat-abi=soft -mthumb -o "Drivers/STM32F1xx_HAL_Driver/Src/stm32f1xx_hal_gpio.o"
arm-none-eabi-gcc -o "study.elf" @"objects.list"   -mcpu=cortex-m3 -T"C:\Users\Administrator\Embedded\study\study\STM32F103C8TX_FLASH.ld" --specs=nosys.specs -Wl,-Map="study.map" -Wl,--gc-sections -static --specs=nano.specs -mfloat-abi=soft -mthumb -Wl,--start-group -lc -lm -Wl,--end-group
Finished building target: study.elf
 
arm-none-eabi-size   study.elf 
arm-none-eabi-objdump -h -S  study.elf  > "study.list"
   text	   data	    bss	    dec	    hex	filename
   4496	     20	   1572	   6088	   17c8	study.elf
Finished building: default.size.stdout
 
Finished building: study.list
 

14:09:33 Build Finished. 0 errors, 0 warnings. (took 844ms)

