../Drivers/STM32F1xx_HAL_Driver/Src/stm32f1xx_hal.c:142:19:HAL_Init	8	static
../Drivers/STM32F1xx_HAL_Driver/Src/stm32f1xx_hal.c:177:19:HAL_DeInit	8	static
../Drivers/STM32F1xx_HAL_Driver/Src/stm32f1xx_hal.c:202:13:HAL_MspInit	4	static
../Drivers/STM32F1xx_HAL_Driver/Src/stm32f1xx_hal.c:213:13:HAL_MspDeInit	4	static
../Drivers/STM32F1xx_HAL_Driver/Src/stm32f1xx_hal.c:236:26:HAL_InitTick	16	static
../Drivers/STM32F1xx_HAL_Driver/Src/stm32f1xx_hal.c:295:13:HAL_IncTick	4	static
../Drivers/STM32F1xx_HAL_Driver/Src/stm32f1xx_hal.c:306:17:HAL_GetTick	4	static
../Drivers/STM32F1xx_HAL_Driver/Src/stm32f1xx_hal.c:315:10:HAL_GetTickPrio	4	static
../Drivers/STM32F1xx_HAL_Driver/Src/stm32f1xx_hal.c:324:19:HAL_SetTickFreq	24	static
../Drivers/STM32F1xx_HAL_Driver/Src/stm32f1xx_hal.c:356:21:HAL_GetTickFreq	4	static
../Drivers/STM32F1xx_HAL_Driver/Src/stm32f1xx_hal.c:372:13:HAL_Delay	24	static
../Drivers/STM32F1xx_HAL_Driver/Src/stm32f1xx_hal.c:398:13:HAL_SuspendTick	4	static
../Drivers/STM32F1xx_HAL_Driver/Src/stm32f1xx_hal.c:414:13:HAL_ResumeTick	4	static
../Drivers/STM32F1xx_HAL_Driver/Src/stm32f1xx_hal.c:424:10:HAL_GetHalVersion	4	static
../Drivers/STM32F1xx_HAL_Driver/Src/stm32f1xx_hal.c:440:10:HAL_GetREVID	4	static
../Drivers/STM32F1xx_HAL_Driver/Src/stm32f1xx_hal.c:456:10:HAL_GetDEVID	4	static
../Drivers/STM32F1xx_HAL_Driver/Src/stm32f1xx_hal.c:465:10:HAL_GetUIDw0	4	static
../Drivers/STM32F1xx_HAL_Driver/Src/stm32f1xx_hal.c:474:10:HAL_GetUIDw1	4	static
../Drivers/STM32F1xx_HAL_Driver/Src/stm32f1xx_hal.c:483:10:HAL_GetUIDw2	4	static
../Drivers/STM32F1xx_HAL_Driver/Src/stm32f1xx_hal.c:492:6:HAL_DBGMCU_EnableDBGSleepMode	4	static
../Drivers/STM32F1xx_HAL_Driver/Src/stm32f1xx_hal.c:508:6:HAL_DBGMCU_DisableDBGSleepMode	4	static
../Drivers/STM32F1xx_HAL_Driver/Src/stm32f1xx_hal.c:538:6:HAL_DBGMCU_EnableDBGStopMode	4	static
../Drivers/STM32F1xx_HAL_Driver/Src/stm32f1xx_hal.c:554:6:HAL_DBGMCU_DisableDBGStopMode	4	static
../Drivers/STM32F1xx_HAL_Driver/Src/stm32f1xx_hal.c:570:6:HAL_DBGMCU_EnableDBGStandbyMode	4	static
../Drivers/STM32F1xx_HAL_Driver/Src/stm32f1xx_hal.c:586:6:HAL_DBGMCU_DisableDBGStandbyMode	4	static
